==5971== Memcheck, a memory error detector
==5971== Copyright (C) 2002-2015, and GNU GPL'd, by Julian Seward et al.
==5971== Using Valgrind-3.12.0 and LibVEX; rerun with -h for copyright info
==5971== Command: ./sint
==5971== 
==5971== Conditional jump or move depends on uninitialised value(s)
==5971==    at 0x109AC6: test2 (test.c:46)
==5971==    by 0x10A57E: test (test.c:149)
==5971==    by 0x10960C: handle_command (main.c:116)
==5971==    by 0x1097C3: main (main.c:196)
==5971==  Uninitialised value was created by a heap allocation
==5971==    at 0x4C2DB2F: malloc (in /usr/lib/valgrind/vgpreload_memcheck-amd64-linux.so)
==5971==    by 0x108D68: node_new (sortedcontainer.c:34)
==5971==    by 0x108E48: sortedcontainer_insert (sortedcontainer.c:63)
==5971==    by 0x10997F: test2 (test.c:40)
==5971==    by 0x10A57E: test (test.c:149)
==5971==    by 0x10960C: handle_command (main.c:116)
==5971==    by 0x1097C3: main (main.c:196)
==5971== 
==5971== Conditional jump or move depends on uninitialised value(s)
==5971==    at 0x109B12: test2 (test.c:47)
==5971==    by 0x10A57E: test (test.c:149)
==5971==    by 0x10960C: handle_command (main.c:116)
==5971==    by 0x1097C3: main (main.c:196)
==5971==  Uninitialised value was created by a heap allocation
==5971==    at 0x4C2DB2F: malloc (in /usr/lib/valgrind/vgpreload_memcheck-amd64-linux.so)
==5971==    by 0x108D68: node_new (sortedcontainer.c:34)
==5971==    by 0x108E48: sortedcontainer_insert (sortedcontainer.c:63)
==5971==    by 0x10997F: test2 (test.c:40)
==5971==    by 0x10A57E: test (test.c:149)
==5971==    by 0x10960C: handle_command (main.c:116)
==5971==    by 0x1097C3: main (main.c:196)
==5971== 
==5971== Conditional jump or move depends on uninitialised value(s)
==5971==    at 0x1091AD: find_parent (sortedcontainer.c:157)
==5971==    by 0x10917B: sortedcontainer_contains (sortedcontainer.c:152)
==5971==    by 0x109BDF: test2 (test.c:53)
==5971==    by 0x10A57E: test (test.c:149)
==5971==    by 0x10960C: handle_command (main.c:116)
==5971==    by 0x1097C3: main (main.c:196)
==5971==  Uninitialised value was created by a heap allocation
==5971==    at 0x4C2DB2F: malloc (in /usr/lib/valgrind/vgpreload_memcheck-amd64-linux.so)
==5971==    by 0x108D68: node_new (sortedcontainer.c:34)
==5971==    by 0x108E48: sortedcontainer_insert (sortedcontainer.c:63)
==5971==    by 0x10997F: test2 (test.c:40)
==5971==    by 0x10A57E: test (test.c:149)
==5971==    by 0x10960C: handle_command (main.c:116)
==5971==    by 0x1097C3: main (main.c:196)
==5971== 
==5971== Conditional jump or move depends on uninitialised value(s)
==5971==    at 0x1091DE: find_parent (sortedcontainer.c:157)
==5971==    by 0x10917B: sortedcontainer_contains (sortedcontainer.c:152)
==5971==    by 0x109BDF: test2 (test.c:53)
==5971==    by 0x10A57E: test (test.c:149)
==5971==    by 0x10960C: handle_command (main.c:116)
==5971==    by 0x1097C3: main (main.c:196)
==5971==  Uninitialised value was created by a heap allocation
==5971==    at 0x4C2DB2F: malloc (in /usr/lib/valgrind/vgpreload_memcheck-amd64-linux.so)
==5971==    by 0x108D68: node_new (sortedcontainer.c:34)
==5971==    by 0x108E48: sortedcontainer_insert (sortedcontainer.c:63)
==5971==    by 0x10997F: test2 (test.c:40)
==5971==    by 0x10A57E: test (test.c:149)
==5971==    by 0x10960C: handle_command (main.c:116)
==5971==    by 0x1097C3: main (main.c:196)
==5971== 
==5971== Conditional jump or move depends on uninitialised value(s)
==5971==    at 0x10926C: find_parent (sortedcontainer.c:167)
==5971==    by 0x10917B: sortedcontainer_contains (sortedcontainer.c:152)
==5971==    by 0x109BDF: test2 (test.c:53)
==5971==    by 0x10A57E: test (test.c:149)
==5971==    by 0x10960C: handle_command (main.c:116)
==5971==    by 0x1097C3: main (main.c:196)
==5971==  Uninitialised value was created by a heap allocation
==5971==    at 0x4C2DB2F: malloc (in /usr/lib/valgrind/vgpreload_memcheck-amd64-linux.so)
==5971==    by 0x108D68: node_new (sortedcontainer.c:34)
==5971==    by 0x108E48: sortedcontainer_insert (sortedcontainer.c:63)
==5971==    by 0x10997F: test2 (test.c:40)
==5971==    by 0x10A57E: test (test.c:149)
==5971==    by 0x10960C: handle_command (main.c:116)
==5971==    by 0x1097C3: main (main.c:196)
==5971== 
==5971== Conditional jump or move depends on uninitialised value(s)
==5971==    at 0x1091AD: find_parent (sortedcontainer.c:157)
==5971==    by 0x108F0C: sortedcontainer_erase (sortedcontainer.c:81)
==5971==    by 0x109C32: test2 (test.c:55)
==5971==    by 0x10A57E: test (test.c:149)
==5971==    by 0x10960C: handle_command (main.c:116)
==5971==    by 0x1097C3: main (main.c:196)
==5971==  Uninitialised value was created by a heap allocation
==5971==    at 0x4C2DB2F: malloc (in /usr/lib/valgrind/vgpreload_memcheck-amd64-linux.so)
==5971==    by 0x108D68: node_new (sortedcontainer.c:34)
==5971==    by 0x108EAA: sortedcontainer_erase (sortedcontainer.c:73)
==5971==    by 0x109C32: test2 (test.c:55)
==5971==    by 0x10A57E: test (test.c:149)
==5971==    by 0x10960C: handle_command (main.c:116)
==5971==    by 0x1097C3: main (main.c:196)
==5971== 
==5971== Conditional jump or move depends on uninitialised value(s)
==5971==    at 0x1091AD: find_parent (sortedcontainer.c:157)
==5971==    by 0x109287: find_parent (sortedcontainer.c:168)
==5971==    by 0x108F0C: sortedcontainer_erase (sortedcontainer.c:81)
==5971==    by 0x109C32: test2 (test.c:55)
==5971==    by 0x10A57E: test (test.c:149)
==5971==    by 0x10960C: handle_command (main.c:116)
==5971==    by 0x1097C3: main (main.c:196)
==5971==  Uninitialised value was created by a heap allocation
==5971==    at 0x4C2DB2F: malloc (in /usr/lib/valgrind/vgpreload_memcheck-amd64-linux.so)
==5971==    by 0x108D68: node_new (sortedcontainer.c:34)
==5971==    by 0x108E48: sortedcontainer_insert (sortedcontainer.c:63)
==5971==    by 0x10997F: test2 (test.c:40)
==5971==    by 0x10A57E: test (test.c:149)
==5971==    by 0x10960C: handle_command (main.c:116)
==5971==    by 0x1097C3: main (main.c:196)
==5971== 
==5971== Conditional jump or move depends on uninitialised value(s)
==5971==    at 0x1091DE: find_parent (sortedcontainer.c:157)
==5971==    by 0x109287: find_parent (sortedcontainer.c:168)
==5971==    by 0x108F0C: sortedcontainer_erase (sortedcontainer.c:81)
==5971==    by 0x109C32: test2 (test.c:55)
==5971==    by 0x10A57E: test (test.c:149)
==5971==    by 0x10960C: handle_command (main.c:116)
==5971==    by 0x1097C3: main (main.c:196)
==5971==  Uninitialised value was created by a heap allocation
==5971==    at 0x4C2DB2F: malloc (in /usr/lib/valgrind/vgpreload_memcheck-amd64-linux.so)
==5971==    by 0x108D68: node_new (sortedcontainer.c:34)
==5971==    by 0x108E48: sortedcontainer_insert (sortedcontainer.c:63)
==5971==    by 0x10997F: test2 (test.c:40)
==5971==    by 0x10A57E: test (test.c:149)
==5971==    by 0x10960C: handle_command (main.c:116)
==5971==    by 0x1097C3: main (main.c:196)
==5971== 
==5971== Conditional jump or move depends on uninitialised value(s)
==5971==    at 0x10926C: find_parent (sortedcontainer.c:167)
==5971==    by 0x109287: find_parent (sortedcontainer.c:168)
==5971==    by 0x108F0C: sortedcontainer_erase (sortedcontainer.c:81)
==5971==    by 0x109C32: test2 (test.c:55)
==5971==    by 0x10A57E: test (test.c:149)
==5971==    by 0x10960C: handle_command (main.c:116)
==5971==    by 0x1097C3: main (main.c:196)
==5971==  Uninitialised value was created by a heap allocation
==5971==    at 0x4C2DB2F: malloc (in /usr/lib/valgrind/vgpreload_memcheck-amd64-linux.so)
==5971==    by 0x108D68: node_new (sortedcontainer.c:34)
==5971==    by 0x108E48: sortedcontainer_insert (sortedcontainer.c:63)
==5971==    by 0x10997F: test2 (test.c:40)
==5971==    by 0x10A57E: test (test.c:149)
==5971==    by 0x10960C: handle_command (main.c:116)
==5971==    by 0x1097C3: main (main.c:196)
==5971== 
==5971== Conditional jump or move depends on uninitialised value(s)
==5971==    at 0x1090E9: sortedcontainer_erase (sortedcontainer.c:139)
==5971==    by 0x109C32: test2 (test.c:55)
==5971==    by 0x10A57E: test (test.c:149)
==5971==    by 0x10960C: handle_command (main.c:116)
==5971==    by 0x1097C3: main (main.c:196)
==5971==  Uninitialised value was created by a heap allocation
==5971==    at 0x4C2DB2F: malloc (in /usr/lib/valgrind/vgpreload_memcheck-amd64-linux.so)
==5971==    by 0x108D68: node_new (sortedcontainer.c:34)
==5971==    by 0x108EAA: sortedcontainer_erase (sortedcontainer.c:73)
==5971==    by 0x109C32: test2 (test.c:55)
==5971==    by 0x10A57E: test (test.c:149)
==5971==    by 0x10960C: handle_command (main.c:116)
==5971==    by 0x1097C3: main (main.c:196)
==5971== 
==5971== Conditional jump or move depends on uninitialised value(s)
==5971==    at 0x1091AD: find_parent (sortedcontainer.c:157)
==5971==    by 0x10917B: sortedcontainer_contains (sortedcontainer.c:152)
==5971==    by 0x109D88: test2 (test.c:61)
==5971==    by 0x10A57E: test (test.c:149)
==5971==    by 0x10960C: handle_command (main.c:116)
==5971==    by 0x1097C3: main (main.c:196)
==5971==  Uninitialised value was created by a heap allocation
==5971==    at 0x4C2DB2F: malloc (in /usr/lib/valgrind/vgpreload_memcheck-amd64-linux.so)
==5971==    by 0x108D68: node_new (sortedcontainer.c:34)
==5971==    by 0x108E48: sortedcontainer_insert (sortedcontainer.c:63)
==5971==    by 0x10997F: test2 (test.c:40)
==5971==    by 0x10A57E: test (test.c:149)
==5971==    by 0x10960C: handle_command (main.c:116)
==5971==    by 0x1097C3: main (main.c:196)
==5971== 
==5971== Conditional jump or move depends on uninitialised value(s)
==5971==    at 0x1091DE: find_parent (sortedcontainer.c:157)
==5971==    by 0x10917B: sortedcontainer_contains (sortedcontainer.c:152)
==5971==    by 0x109D88: test2 (test.c:61)
==5971==    by 0x10A57E: test (test.c:149)
==5971==    by 0x10960C: handle_command (main.c:116)
==5971==    by 0x1097C3: main (main.c:196)
==5971==  Uninitialised value was created by a heap allocation
==5971==    at 0x4C2DB2F: malloc (in /usr/lib/valgrind/vgpreload_memcheck-amd64-linux.so)
==5971==    by 0x108D68: node_new (sortedcontainer.c:34)
==5971==    by 0x108E48: sortedcontainer_insert (sortedcontainer.c:63)
==5971==    by 0x10997F: test2 (test.c:40)
==5971==    by 0x10A57E: test (test.c:149)
==5971==    by 0x10960C: handle_command (main.c:116)
==5971==    by 0x1097C3: main (main.c:196)
==5971== 
==5971== Conditional jump or move depends on uninitialised value(s)
==5971==    at 0x10926C: find_parent (sortedcontainer.c:167)
==5971==    by 0x10917B: sortedcontainer_contains (sortedcontainer.c:152)
==5971==    by 0x109D88: test2 (test.c:61)
==5971==    by 0x10A57E: test (test.c:149)
==5971==    by 0x10960C: handle_command (main.c:116)
==5971==    by 0x1097C3: main (main.c:196)
==5971==  Uninitialised value was created by a heap allocation
==5971==    at 0x4C2DB2F: malloc (in /usr/lib/valgrind/vgpreload_memcheck-amd64-linux.so)
==5971==    by 0x108D68: node_new (sortedcontainer.c:34)
==5971==    by 0x108E48: sortedcontainer_insert (sortedcontainer.c:63)
==5971==    by 0x10997F: test2 (test.c:40)
==5971==    by 0x10A57E: test (test.c:149)
==5971==    by 0x10960C: handle_command (main.c:116)
==5971==    by 0x1097C3: main (main.c:196)
==5971== 
==5971== Conditional jump or move depends on uninitialised value(s)
==5971==    at 0x1091AD: find_parent (sortedcontainer.c:157)
==5971==    by 0x108F0C: sortedcontainer_erase (sortedcontainer.c:81)
==5971==    by 0x109DDB: test2 (test.c:63)
==5971==    by 0x10A57E: test (test.c:149)
==5971==    by 0x10960C: handle_command (main.c:116)
==5971==    by 0x1097C3: main (main.c:196)
==5971==  Uninitialised value was created by a heap allocation
==5971==    at 0x4C2DB2F: malloc (in /usr/lib/valgrind/vgpreload_memcheck-amd64-linux.so)
==5971==    by 0x108D68: node_new (sortedcontainer.c:34)
==5971==    by 0x108EAA: sortedcontainer_erase (sortedcontainer.c:73)
==5971==    by 0x109DDB: test2 (test.c:63)
==5971==    by 0x10A57E: test (test.c:149)
==5971==    by 0x10960C: handle_command (main.c:116)
==5971==    by 0x1097C3: main (main.c:196)
==5971== 
==5971== Conditional jump or move depends on uninitialised value(s)
==5971==    at 0x108F4A: sortedcontainer_erase (sortedcontainer.c:89)
==5971==    by 0x109DDB: test2 (test.c:63)
==5971==    by 0x10A57E: test (test.c:149)
==5971==    by 0x10960C: handle_command (main.c:116)
==5971==    by 0x1097C3: main (main.c:196)
==5971==  Uninitialised value was created by a heap allocation
==5971==    at 0x4C2DB2F: malloc (in /usr/lib/valgrind/vgpreload_memcheck-amd64-linux.so)
==5971==    by 0x108D68: node_new (sortedcontainer.c:34)
==5971==    by 0x108EAA: sortedcontainer_erase (sortedcontainer.c:73)
==5971==    by 0x109DDB: test2 (test.c:63)
==5971==    by 0x10A57E: test (test.c:149)
==5971==    by 0x10960C: handle_command (main.c:116)
==5971==    by 0x1097C3: main (main.c:196)
==5971== 
==5971== Conditional jump or move depends on uninitialised value(s)
==5971==    at 0x108FA7: sortedcontainer_erase (sortedcontainer.c:99)
==5971==    by 0x109DDB: test2 (test.c:63)
==5971==    by 0x10A57E: test (test.c:149)
==5971==    by 0x10960C: handle_command (main.c:116)
==5971==    by 0x1097C3: main (main.c:196)
==5971==  Uninitialised value was created by a heap allocation
==5971==    at 0x4C2DB2F: malloc (in /usr/lib/valgrind/vgpreload_memcheck-amd64-linux.so)
==5971==    by 0x108D68: node_new (sortedcontainer.c:34)
==5971==    by 0x108E48: sortedcontainer_insert (sortedcontainer.c:63)
==5971==    by 0x10997F: test2 (test.c:40)
==5971==    by 0x10A57E: test (test.c:149)
==5971==    by 0x10960C: handle_command (main.c:116)
==5971==    by 0x1097C3: main (main.c:196)
==5971== 
==5971== Conditional jump or move depends on uninitialised value(s)
==5971==    at 0x108FB4: sortedcontainer_erase (sortedcontainer.c:99)
==5971==    by 0x109DDB: test2 (test.c:63)
==5971==    by 0x10A57E: test (test.c:149)
==5971==    by 0x10960C: handle_command (main.c:116)
==5971==    by 0x1097C3: main (main.c:196)
==5971==  Uninitialised value was created by a heap allocation
==5971==    at 0x4C2DB2F: malloc (in /usr/lib/valgrind/vgpreload_memcheck-amd64-linux.so)
==5971==    by 0x108D68: node_new (sortedcontainer.c:34)
==5971==    by 0x108E48: sortedcontainer_insert (sortedcontainer.c:63)
==5971==    by 0x10997F: test2 (test.c:40)
==5971==    by 0x10A57E: test (test.c:149)
==5971==    by 0x10960C: handle_command (main.c:116)
==5971==    by 0x1097C3: main (main.c:196)
==5971== 
==5971== Conditional jump or move depends on uninitialised value(s)
==5971==    at 0x1090E9: sortedcontainer_erase (sortedcontainer.c:139)
==5971==    by 0x109DDB: test2 (test.c:63)
==5971==    by 0x10A57E: test (test.c:149)
==5971==    by 0x10960C: handle_command (main.c:116)
==5971==    by 0x1097C3: main (main.c:196)
==5971==  Uninitialised value was created by a heap allocation
==5971==    at 0x4C2DB2F: malloc (in /usr/lib/valgrind/vgpreload_memcheck-amd64-linux.so)
==5971==    by 0x108D68: node_new (sortedcontainer.c:34)
==5971==    by 0x108EAA: sortedcontainer_erase (sortedcontainer.c:73)
==5971==    by 0x109DDB: test2 (test.c:63)
==5971==    by 0x10A57E: test (test.c:149)
==5971==    by 0x10960C: handle_command (main.c:116)
==5971==    by 0x1097C3: main (main.c:196)
==5971== 
==5971== Conditional jump or move depends on uninitialised value(s)
==5971==    at 0x108E3B: sortedcontainer_insert (sortedcontainer.c:54)
==5971==    by 0x109ECA: test3 (test.c:85)
==5971==    by 0x10A57E: test (test.c:149)
==5971==    by 0x10960C: handle_command (main.c:116)
==5971==    by 0x1097C3: main (main.c:196)
==5971==  Uninitialised value was created by a heap allocation
==5971==    at 0x4C2DB2F: malloc (in /usr/lib/valgrind/vgpreload_memcheck-amd64-linux.so)
==5971==    by 0x108D68: node_new (sortedcontainer.c:34)
==5971==    by 0x108E48: sortedcontainer_insert (sortedcontainer.c:63)
==5971==    by 0x109EB7: test3 (test.c:84)
==5971==    by 0x10A57E: test (test.c:149)
==5971==    by 0x10960C: handle_command (main.c:116)
==5971==    by 0x1097C3: main (main.c:196)
==5971== 
==5971== Conditional jump or move depends on uninitialised value(s)
==5971==    at 0x108E3B: sortedcontainer_insert (sortedcontainer.c:54)
==5971==    by 0x109EDD: test3 (test.c:86)
==5971==    by 0x10A57E: test (test.c:149)
==5971==    by 0x10960C: handle_command (main.c:116)
==5971==    by 0x1097C3: main (main.c:196)
==5971==  Uninitialised value was created by a heap allocation
==5971==    at 0x4C2DB2F: malloc (in /usr/lib/valgrind/vgpreload_memcheck-amd64-linux.so)
==5971==    by 0x108D68: node_new (sortedcontainer.c:34)
==5971==    by 0x108E48: sortedcontainer_insert (sortedcontainer.c:63)
==5971==    by 0x109ECA: test3 (test.c:85)
==5971==    by 0x10A57E: test (test.c:149)
==5971==    by 0x10960C: handle_command (main.c:116)
==5971==    by 0x1097C3: main (main.c:196)
==5971== 
==5971== Conditional jump or move depends on uninitialised value(s)
==5971==    at 0x1091AD: find_parent (sortedcontainer.c:157)
==5971==    by 0x108F0C: sortedcontainer_erase (sortedcontainer.c:81)
==5971==    by 0x10A1CD: test3 (test.c:101)
==5971==    by 0x10A57E: test (test.c:149)
==5971==    by 0x10960C: handle_command (main.c:116)
==5971==    by 0x1097C3: main (main.c:196)
==5971==  Uninitialised value was created by a heap allocation
==5971==    at 0x4C2DB2F: malloc (in /usr/lib/valgrind/vgpreload_memcheck-amd64-linux.so)
==5971==    by 0x108D68: node_new (sortedcontainer.c:34)
==5971==    by 0x108EAA: sortedcontainer_erase (sortedcontainer.c:73)
==5971==    by 0x10A1CD: test3 (test.c:101)
==5971==    by 0x10A57E: test (test.c:149)
==5971==    by 0x10960C: handle_command (main.c:116)
==5971==    by 0x1097C3: main (main.c:196)
==5971== 
==5971== Conditional jump or move depends on uninitialised value(s)
==5971==    at 0x1091AD: find_parent (sortedcontainer.c:157)
==5971==    by 0x109287: find_parent (sortedcontainer.c:168)
==5971==    by 0x108F0C: sortedcontainer_erase (sortedcontainer.c:81)
==5971==    by 0x10A1CD: test3 (test.c:101)
==5971==    by 0x10A57E: test (test.c:149)
==5971==    by 0x10960C: handle_command (main.c:116)
==5971==    by 0x1097C3: main (main.c:196)
==5971==  Uninitialised value was created by a heap allocation
==5971==    at 0x4C2DB2F: malloc (in /usr/lib/valgrind/vgpreload_memcheck-amd64-linux.so)
==5971==    by 0x108D68: node_new (sortedcontainer.c:34)
==5971==    by 0x108E48: sortedcontainer_insert (sortedcontainer.c:63)
==5971==    by 0x109EB7: test3 (test.c:84)
==5971==    by 0x10A57E: test (test.c:149)
==5971==    by 0x10960C: handle_command (main.c:116)
==5971==    by 0x1097C3: main (main.c:196)
==5971== 
==5971== Conditional jump or move depends on uninitialised value(s)
==5971==    at 0x108F4A: sortedcontainer_erase (sortedcontainer.c:89)
==5971==    by 0x10A1CD: test3 (test.c:101)
==5971==    by 0x10A57E: test (test.c:149)
==5971==    by 0x10960C: handle_command (main.c:116)
==5971==    by 0x1097C3: main (main.c:196)
==5971==  Uninitialised value was created by a heap allocation
==5971==    at 0x4C2DB2F: malloc (in /usr/lib/valgrind/vgpreload_memcheck-amd64-linux.so)
==5971==    by 0x108D68: node_new (sortedcontainer.c:34)
==5971==    by 0x108E48: sortedcontainer_insert (sortedcontainer.c:63)
==5971==    by 0x109EB7: test3 (test.c:84)
==5971==    by 0x10A57E: test (test.c:149)
==5971==    by 0x10960C: handle_command (main.c:116)
==5971==    by 0x1097C3: main (main.c:196)
==5971== 
==5971== Conditional jump or move depends on uninitialised value(s)
==5971==    at 0x108FF5: sortedcontainer_erase (sortedcontainer.c:105)
==5971==    by 0x10A1CD: test3 (test.c:101)
==5971==    by 0x10A57E: test (test.c:149)
==5971==    by 0x10960C: handle_command (main.c:116)
==5971==    by 0x1097C3: main (main.c:196)
==5971==  Uninitialised value was created by a heap allocation
==5971==    at 0x4C2DB2F: malloc (in /usr/lib/valgrind/vgpreload_memcheck-amd64-linux.so)
==5971==    by 0x108D68: node_new (sortedcontainer.c:34)
==5971==    by 0x108E48: sortedcontainer_insert (sortedcontainer.c:63)
==5971==    by 0x109ECA: test3 (test.c:85)
==5971==    by 0x10A57E: test (test.c:149)
==5971==    by 0x10960C: handle_command (main.c:116)
==5971==    by 0x1097C3: main (main.c:196)
==5971== 
==5971== Conditional jump or move depends on uninitialised value(s)
==5971==    at 0x1090E9: sortedcontainer_erase (sortedcontainer.c:139)
==5971==    by 0x10A1CD: test3 (test.c:101)
==5971==    by 0x10A57E: test (test.c:149)
==5971==    by 0x10960C: handle_command (main.c:116)
==5971==    by 0x1097C3: main (main.c:196)
==5971==  Uninitialised value was created by a heap allocation
==5971==    at 0x4C2DB2F: malloc (in /usr/lib/valgrind/vgpreload_memcheck-amd64-linux.so)
==5971==    by 0x108D68: node_new (sortedcontainer.c:34)
==5971==    by 0x108EAA: sortedcontainer_erase (sortedcontainer.c:73)
==5971==    by 0x10A1CD: test3 (test.c:101)
==5971==    by 0x10A57E: test (test.c:149)
==5971==    by 0x10960C: handle_command (main.c:116)
==5971==    by 0x1097C3: main (main.c:196)
==5971== 
==5971== Conditional jump or move depends on uninitialised value(s)
==5971==    at 0x10A332: test3 (test.c:109)
==5971==    by 0x10A57E: test (test.c:149)
==5971==    by 0x10960C: handle_command (main.c:116)
==5971==    by 0x1097C3: main (main.c:196)
==5971==  Uninitialised value was created by a heap allocation
==5971==    at 0x4C2DB2F: malloc (in /usr/lib/valgrind/vgpreload_memcheck-amd64-linux.so)
==5971==    by 0x108D68: node_new (sortedcontainer.c:34)
==5971==    by 0x108E48: sortedcontainer_insert (sortedcontainer.c:63)
==5971==    by 0x109EDD: test3 (test.c:86)
==5971==    by 0x10A57E: test (test.c:149)
==5971==    by 0x10960C: handle_command (main.c:116)
==5971==    by 0x1097C3: main (main.c:196)
==5971== 
==5971== Conditional jump or move depends on uninitialised value(s)
==5971==    at 0x10A382: test3 (test.c:110)
==5971==    by 0x10A57E: test (test.c:149)
==5971==    by 0x10960C: handle_command (main.c:116)
==5971==    by 0x1097C3: main (main.c:196)
==5971==  Uninitialised value was created by a heap allocation
==5971==    at 0x4C2DB2F: malloc (in /usr/lib/valgrind/vgpreload_memcheck-amd64-linux.so)
==5971==    by 0x108D68: node_new (sortedcontainer.c:34)
==5971==    by 0x108E48: sortedcontainer_insert (sortedcontainer.c:63)
==5971==    by 0x109EDD: test3 (test.c:86)
==5971==    by 0x10A57E: test (test.c:149)
==5971==    by 0x10960C: handle_command (main.c:116)
==5971==    by 0x1097C3: main (main.c:196)
==5971== 
==5971== Conditional jump or move depends on uninitialised value(s)
==5971==    at 0x1091AD: find_parent (sortedcontainer.c:157)
==5971==    by 0x10917B: sortedcontainer_contains (sortedcontainer.c:152)
==5971==    by 0x10A422: test3 (test.c:113)
==5971==    by 0x10A57E: test (test.c:149)
==5971==    by 0x10960C: handle_command (main.c:116)
==5971==    by 0x1097C3: main (main.c:196)
==5971==  Uninitialised value was created by a heap allocation
==5971==    at 0x4C2DB2F: malloc (in /usr/lib/valgrind/vgpreload_memcheck-amd64-linux.so)
==5971==    by 0x108D68: node_new (sortedcontainer.c:34)
==5971==    by 0x108E48: sortedcontainer_insert (sortedcontainer.c:63)
==5971==    by 0x109EB7: test3 (test.c:84)
==5971==    by 0x10A57E: test (test.c:149)
==5971==    by 0x10960C: handle_command (main.c:116)
==5971==    by 0x1097C3: main (main.c:196)
==5971== 
==5971== Conditional jump or move depends on uninitialised value(s)
==5971==    at 0x10938A: node_deletetree (sortedcontainer.c:193)
==5971==    by 0x1093BB: node_deletetree (sortedcontainer.c:197)
==5971==    by 0x1093E5: sortedcontainer_delete (sortedcontainer.c:203)
==5971==    by 0x10A46B: test3 (test.c:115)
==5971==    by 0x10A57E: test (test.c:149)
==5971==    by 0x10960C: handle_command (main.c:116)
==5971==    by 0x1097C3: main (main.c:196)
==5971==  Uninitialised value was created by a heap allocation
==5971==    at 0x4C2DB2F: malloc (in /usr/lib/valgrind/vgpreload_memcheck-amd64-linux.so)
==5971==    by 0x108D68: node_new (sortedcontainer.c:34)
==5971==    by 0x108E48: sortedcontainer_insert (sortedcontainer.c:63)
==5971==    by 0x109EB7: test3 (test.c:84)
==5971==    by 0x10A57E: test (test.c:149)
==5971==    by 0x10960C: handle_command (main.c:116)
==5971==    by 0x1097C3: main (main.c:196)
==5971== 
==5971== Conditional jump or move depends on uninitialised value(s)
==5971==    at 0x10938A: node_deletetree (sortedcontainer.c:193)
==5971==    by 0x1093BB: node_deletetree (sortedcontainer.c:197)
==5971==    by 0x1093C7: node_deletetree (sortedcontainer.c:198)
==5971==    by 0x1093E5: sortedcontainer_delete (sortedcontainer.c:203)
==5971==    by 0x10A46B: test3 (test.c:115)
==5971==    by 0x10A57E: test (test.c:149)
==5971==    by 0x10960C: handle_command (main.c:116)
==5971==    by 0x1097C3: main (main.c:196)
==5971==  Uninitialised value was created by a heap allocation
==5971==    at 0x4C2DB2F: malloc (in /usr/lib/valgrind/vgpreload_memcheck-amd64-linux.so)
==5971==    by 0x108D68: node_new (sortedcontainer.c:34)
==5971==    by 0x108E48: sortedcontainer_insert (sortedcontainer.c:63)
==5971==    by 0x109EDD: test3 (test.c:86)
==5971==    by 0x10A57E: test (test.c:149)
==5971==    by 0x10960C: handle_command (main.c:116)
==5971==    by 0x1097C3: main (main.c:196)
==5971== 
==5971== Conditional jump or move depends on uninitialised value(s)
==5971==    at 0x10938A: node_deletetree (sortedcontainer.c:193)
==5971==    by 0x1093C7: node_deletetree (sortedcontainer.c:198)
==5971==    by 0x1093C7: node_deletetree (sortedcontainer.c:198)
==5971==    by 0x1093E5: sortedcontainer_delete (sortedcontainer.c:203)
==5971==    by 0x10A46B: test3 (test.c:115)
==5971==    by 0x10A57E: test (test.c:149)
==5971==    by 0x10960C: handle_command (main.c:116)
==5971==    by 0x1097C3: main (main.c:196)
==5971==  Uninitialised value was created by a heap allocation
==5971==    at 0x4C2DB2F: malloc (in /usr/lib/valgrind/vgpreload_memcheck-amd64-linux.so)
==5971==    by 0x108D68: node_new (sortedcontainer.c:34)
==5971==    by 0x108E48: sortedcontainer_insert (sortedcontainer.c:63)
==5971==    by 0x109EDD: test3 (test.c:86)
==5971==    by 0x10A57E: test (test.c:149)
==5971==    by 0x10960C: handle_command (main.c:116)
==5971==    by 0x1097C3: main (main.c:196)
==5971== 
==5971== Invalid write of size 1
==5971==    at 0x1096B9: read_command (main.c:153)
==5971==    by 0x10979E: main (main.c:190)
==5971==  Address 0x550b063 is 9 bytes after a block of size 10 free'd
==5971==    at 0x4C2FD4F: realloc (in /usr/lib/valgrind/vgpreload_memcheck-amd64-linux.so)
==5971==    by 0x109726: read_command (main.c:161)
==5971==    by 0x10979E: main (main.c:190)
==5971==  Block was alloc'd at
==5971==    at 0x4C2DB2F: malloc (in /usr/lib/valgrind/vgpreload_memcheck-amd64-linux.so)
==5971==    by 0x10969C: read_command (main.c:149)
==5971==    by 0x10979E: main (main.c:190)
==5971== 
==5971== Invalid write of size 1
==5971==    at 0x4C32098: memcpy@GLIBC_2.2.5 (in /usr/lib/valgrind/vgpreload_memcheck-amd64-linux.so)
==5971==    by 0x51B2EB8: _IO_getline_info (iogetline.c:100)
==5971==    by 0x51B1D8A: fgets (iofgets.c:53)
==5971==    by 0x1096D0: read_command (main.c:154)
==5971==    by 0x10979E: main (main.c:190)
==5971==  Address 0x550b059 is 9 bytes inside a block of size 10 free'd
==5971==    at 0x4C2FD4F: realloc (in /usr/lib/valgrind/vgpreload_memcheck-amd64-linux.so)
==5971==    by 0x109726: read_command (main.c:161)
==5971==    by 0x10979E: main (main.c:190)
==5971==  Block was alloc'd at
==5971==    at 0x4C2DB2F: malloc (in /usr/lib/valgrind/vgpreload_memcheck-amd64-linux.so)
==5971==    by 0x10969C: read_command (main.c:149)
==5971==    by 0x10979E: main (main.c:190)
==5971== 
==5971== Invalid write of size 2
==5971==    at 0x4C3211B: memcpy@GLIBC_2.2.5 (in /usr/lib/valgrind/vgpreload_memcheck-amd64-linux.so)
==5971==    by 0x51B2EB8: _IO_getline_info (iogetline.c:100)
==5971==    by 0x51B1D8A: fgets (iofgets.c:53)
==5971==    by 0x1096D0: read_command (main.c:154)
==5971==    by 0x10979E: main (main.c:190)
==5971==  Address 0x550b060 is 6 bytes after a block of size 10 free'd
==5971==    at 0x4C2FD4F: realloc (in /usr/lib/valgrind/vgpreload_memcheck-amd64-linux.so)
==5971==    by 0x109726: read_command (main.c:161)
==5971==    by 0x10979E: main (main.c:190)
==5971==  Block was alloc'd at
==5971==    at 0x4C2DB2F: malloc (in /usr/lib/valgrind/vgpreload_memcheck-amd64-linux.so)
==5971==    by 0x10969C: read_command (main.c:149)
==5971==    by 0x10979E: main (main.c:190)
==5971== 
==5971== Invalid write of size 1
==5971==    at 0x4C3214B: memcpy@GLIBC_2.2.5 (in /usr/lib/valgrind/vgpreload_memcheck-amd64-linux.so)
==5971==    by 0x51B2EB8: _IO_getline_info (iogetline.c:100)
==5971==    by 0x51B1D8A: fgets (iofgets.c:53)
==5971==    by 0x1096D0: read_command (main.c:154)
==5971==    by 0x10979E: main (main.c:190)
==5971==  Address 0x550b062 is 8 bytes after a block of size 10 free'd
==5971==    at 0x4C2FD4F: realloc (in /usr/lib/valgrind/vgpreload_memcheck-amd64-linux.so)
==5971==    by 0x109726: read_command (main.c:161)
==5971==    by 0x10979E: main (main.c:190)
==5971==  Block was alloc'd at
==5971==    at 0x4C2DB2F: malloc (in /usr/lib/valgrind/vgpreload_memcheck-amd64-linux.so)
==5971==    by 0x10969C: read_command (main.c:149)
==5971==    by 0x10979E: main (main.c:190)
==5971== 
==5971== Invalid write of size 1
==5971==    at 0x51B1E08: fgets (iofgets.c:61)
==5971==    by 0x1096D0: read_command (main.c:154)
==5971==    by 0x10979E: main (main.c:190)
==5971==  Address 0x550b063 is 9 bytes after a block of size 10 free'd
==5971==    at 0x4C2FD4F: realloc (in /usr/lib/valgrind/vgpreload_memcheck-amd64-linux.so)
==5971==    by 0x109726: read_command (main.c:161)
==5971==    by 0x10979E: main (main.c:190)
==5971==  Block was alloc'd at
==5971==    at 0x4C2DB2F: malloc (in /usr/lib/valgrind/vgpreload_memcheck-amd64-linux.so)
==5971==    by 0x10969C: read_command (main.c:149)
==5971==    by 0x10979E: main (main.c:190)
==5971== 
==5971== Invalid read of size 1
==5971==    at 0x1096F0: read_command (main.c:156)
==5971==    by 0x10979E: main (main.c:190)
==5971==  Address 0x550b063 is 9 bytes after a block of size 10 free'd
==5971==    at 0x4C2FD4F: realloc (in /usr/lib/valgrind/vgpreload_memcheck-amd64-linux.so)
==5971==    by 0x109726: read_command (main.c:161)
==5971==    by 0x10979E: main (main.c:190)
==5971==  Block was alloc'd at
==5971==    at 0x4C2DB2F: malloc (in /usr/lib/valgrind/vgpreload_memcheck-amd64-linux.so)
==5971==    by 0x10969C: read_command (main.c:149)
==5971==    by 0x10979E: main (main.c:190)
==5971== 
==5971== Invalid read of size 1
==5971==    at 0x109707: read_command (main.c:156)
==5971==    by 0x10979E: main (main.c:190)
==5971==  Address 0x550b062 is 8 bytes after a block of size 10 free'd
==5971==    at 0x4C2FD4F: realloc (in /usr/lib/valgrind/vgpreload_memcheck-amd64-linux.so)
==5971==    by 0x109726: read_command (main.c:161)
==5971==    by 0x10979E: main (main.c:190)
==5971==  Block was alloc'd at
==5971==    at 0x4C2DB2F: malloc (in /usr/lib/valgrind/vgpreload_memcheck-amd64-linux.so)
==5971==    by 0x10969C: read_command (main.c:149)
==5971==    by 0x10979E: main (main.c:190)
==5971== 
==5971== Invalid write of size 1
==5971==    at 0x4C32098: memcpy@GLIBC_2.2.5 (in /usr/lib/valgrind/vgpreload_memcheck-amd64-linux.so)
==5971==    by 0x51B2F53: _IO_getline_info (iogetline.c:96)
==5971==    by 0x51B1D8A: fgets (iofgets.c:53)
==5971==    by 0x1096D0: read_command (main.c:154)
==5971==    by 0x10979E: main (main.c:190)
==5971==  Address 0x550b06d is 19 bytes after a block of size 10 free'd
==5971==    at 0x4C2FD4F: realloc (in /usr/lib/valgrind/vgpreload_memcheck-amd64-linux.so)
==5971==    by 0x109726: read_command (main.c:161)
==5971==    by 0x10979E: main (main.c:190)
==5971==  Block was alloc'd at
==5971==    at 0x4C2DB2F: malloc (in /usr/lib/valgrind/vgpreload_memcheck-amd64-linux.so)
==5971==    by 0x10969C: read_command (main.c:149)
==5971==    by 0x10979E: main (main.c:190)
==5971== 
==5971== Invalid write of size 2
==5971==    at 0x4C3211B: memcpy@GLIBC_2.2.5 (in /usr/lib/valgrind/vgpreload_memcheck-amd64-linux.so)
==5971==    by 0x51B2F53: _IO_getline_info (iogetline.c:96)
==5971==    by 0x51B1D8A: fgets (iofgets.c:53)
==5971==    by 0x1096D0: read_command (main.c:154)
==5971==    by 0x10979E: main (main.c:190)
==5971==  Address 0x550b070 is 22 bytes after a block of size 10 free'd
==5971==    at 0x4C2FD4F: realloc (in /usr/lib/valgrind/vgpreload_memcheck-amd64-linux.so)
==5971==    by 0x109726: read_command (main.c:161)
==5971==    by 0x10979E: main (main.c:190)
==5971==  Block was alloc'd at
==5971==    at 0x4C2DB2F: malloc (in /usr/lib/valgrind/vgpreload_memcheck-amd64-linux.so)
==5971==    by 0x10969C: read_command (main.c:149)
==5971==    by 0x10979E: main (main.c:190)
==5971== 
==5971== Conditional jump or move depends on uninitialised value(s)
==5971==    at 0x10938A: node_deletetree (sortedcontainer.c:193)
==5971==    by 0x1093BB: node_deletetree (sortedcontainer.c:197)
==5971==    by 0x1093E5: sortedcontainer_delete (sortedcontainer.c:203)
==5971==    by 0x1097D9: main (main.c:202)
==5971==  Uninitialised value was created by a heap allocation
==5971==    at 0x4C2DB2F: malloc (in /usr/lib/valgrind/vgpreload_memcheck-amd64-linux.so)
==5971==    by 0x108D68: node_new (sortedcontainer.c:34)
==5971==    by 0x108E48: sortedcontainer_insert (sortedcontainer.c:63)
==5971==    by 0x109539: handle_command (main.c:77)
==5971==    by 0x1097C3: main (main.c:196)
==5971== 
==5971== Conditional jump or move depends on uninitialised value(s)
==5971==    at 0x10938A: node_deletetree (sortedcontainer.c:193)
==5971==    by 0x1093C7: node_deletetree (sortedcontainer.c:198)
==5971==    by 0x1093E5: sortedcontainer_delete (sortedcontainer.c:203)
==5971==    by 0x1097D9: main (main.c:202)
==5971==  Uninitialised value was created by a heap allocation
==5971==    at 0x4C2DB2F: malloc (in /usr/lib/valgrind/vgpreload_memcheck-amd64-linux.so)
==5971==    by 0x108D68: node_new (sortedcontainer.c:34)
==5971==    by 0x108E48: sortedcontainer_insert (sortedcontainer.c:63)
==5971==    by 0x109539: handle_command (main.c:77)
==5971==    by 0x1097C3: main (main.c:196)
==5971== 
==5971== 
==5971== HEAP SUMMARY:
==5971==     in use at exit: 60 bytes in 3 blocks
==5971==   total heap usage: 30 allocs, 27 frees, 2,632 bytes allocated
==5971== 
==5971== 20 bytes in 2 blocks are definitely lost in loss record 1 of 2
==5971==    at 0x4C2DB2F: malloc (in /usr/lib/valgrind/vgpreload_memcheck-amd64-linux.so)
==5971==    by 0x10969C: read_command (main.c:149)
==5971==    by 0x10979E: main (main.c:190)
==5971== 
==5971== 40 bytes in 1 blocks are definitely lost in loss record 2 of 2
==5971==    at 0x4C2FD4F: realloc (in /usr/lib/valgrind/vgpreload_memcheck-amd64-linux.so)
==5971==    by 0x109726: read_command (main.c:161)
==5971==    by 0x10979E: main (main.c:190)
==5971== 
==5971== LEAK SUMMARY:
==5971==    definitely lost: 60 bytes in 3 blocks
==5971==    indirectly lost: 0 bytes in 0 blocks
==5971==      possibly lost: 0 bytes in 0 blocks
==5971==    still reachable: 0 bytes in 0 blocks
==5971==         suppressed: 0 bytes in 0 blocks
==5971== 
==5971== For counts of detected and suppressed errors, rerun with: -v
==5971== ERROR SUMMARY: 75 errors from 44 contexts (suppressed: 0 from 0)
